// Jest Snapshot v1, https://goo.gl/fbAQLP

exports[`The InteractiveTilemaker stack matches the snapshot 1`] = `
{
  "Metadata": {
    "gu:cdk:constructs": [
      "GuSubnetListParameter",
      "GuVpcParameter",
    ],
    "gu:cdk:version": "TEST",
  },
  "Parameters": {
    "PrivateSubnets": {
      "Default": "/account/vpc/primary/subnets/private",
      "Description": "A list of private subnets",
      "Type": "AWS::SSM::Parameter::Value<List<AWS::EC2::Subnet::Id>>",
    },
    "VpcId": {
      "Default": "/account/vpc/primary/id",
      "Description": "Virtual Private Cloud to run EC2 instances within. Should NOT be the account default VPC.",
      "Type": "AWS::SSM::Parameter::Value<AWS::EC2::VPC::Id>",
    },
  },
  "Resources": {
    "TileMakerClusterC42EED4C": {
      "Properties": {
        "Tags": [
          {
            "Key": "gu:cdk:version",
            "Value": "TEST",
          },
          {
            "Key": "gu:repo",
            "Value": "guardian/interactive-tilemaker",
          },
          {
            "Key": "Stack",
            "Value": "interactives",
          },
          {
            "Key": "Stage",
            "Value": "TEST",
          },
        ],
      },
      "Type": "AWS::ECS::Cluster",
    },
    "TileMakerService0A7F7D41": {
      "DependsOn": [
        "TileMakerTaskTaskRole4911CC8F",
      ],
      "Properties": {
        "Cluster": {
          "Ref": "TileMakerClusterC42EED4C",
        },
        "DeploymentConfiguration": {
          "Alarms": {
            "AlarmNames": [],
            "Enable": false,
            "Rollback": false,
          },
          "MaximumPercent": 200,
          "MinimumHealthyPercent": 50,
        },
        "EnableECSManagedTags": false,
        "LaunchType": "FARGATE",
        "NetworkConfiguration": {
          "AwsvpcConfiguration": {
            "AssignPublicIp": "DISABLED",
            "SecurityGroups": [
              {
                "Fn::GetAtt": [
                  "TileMakerServiceSecurityGroup1A5B42EB",
                  "GroupId",
                ],
              },
            ],
            "Subnets": {
              "Ref": "PrivateSubnets",
            },
          },
        },
        "Tags": [
          {
            "Key": "gu:cdk:version",
            "Value": "TEST",
          },
          {
            "Key": "gu:repo",
            "Value": "guardian/interactive-tilemaker",
          },
          {
            "Key": "Stack",
            "Value": "interactives",
          },
          {
            "Key": "Stage",
            "Value": "TEST",
          },
        ],
        "TaskDefinition": {
          "Ref": "TileMakerTask35D431C4",
        },
      },
      "Type": "AWS::ECS::Service",
    },
    "TileMakerServiceSecurityGroup1A5B42EB": {
      "DependsOn": [
        "TileMakerTaskTaskRole4911CC8F",
      ],
      "Properties": {
        "GroupDescription": "InteractiveTilemaker/TileMakerService/SecurityGroup",
        "SecurityGroupEgress": [
          {
            "CidrIp": "0.0.0.0/0",
            "Description": "Allow all outbound traffic by default",
            "IpProtocol": "-1",
          },
        ],
        "Tags": [
          {
            "Key": "gu:cdk:version",
            "Value": "TEST",
          },
          {
            "Key": "gu:repo",
            "Value": "guardian/interactive-tilemaker",
          },
          {
            "Key": "Stack",
            "Value": "interactives",
          },
          {
            "Key": "Stage",
            "Value": "TEST",
          },
        ],
        "VpcId": {
          "Ref": "VpcId",
        },
      },
      "Type": "AWS::EC2::SecurityGroup",
    },
    "TileMakerTask35D431C4": {
      "Properties": {
        "ContainerDefinitions": [
          {
            "Essential": true,
            "Image": "hello-world",
            "LogConfiguration": {
              "LogDriver": "awslogs",
              "Options": {
                "awslogs-group": {
                  "Ref": "TileMakerTaskHelloWorldContainerLogGroup15B4BEFA",
                },
                "awslogs-region": {
                  "Ref": "AWS::Region",
                },
                "awslogs-stream-prefix": "tile-maker/hello-world",
              },
            },
            "Memory": 2048,
            "Name": "HelloWorldContainer",
          },
        ],
        "Cpu": "1024",
        "ExecutionRoleArn": {
          "Fn::GetAtt": [
            "TileMakerTaskExecutionRole9653D5DB",
            "Arn",
          ],
        },
        "Family": "InteractiveTilemakerTileMakerTask12DC9A80",
        "Memory": "2048",
        "NetworkMode": "awsvpc",
        "RequiresCompatibilities": [
          "FARGATE",
        ],
        "RuntimePlatform": {
          "CpuArchitecture": "X86_64",
          "OperatingSystemFamily": "LINUX",
        },
        "Tags": [
          {
            "Key": "gu:cdk:version",
            "Value": "TEST",
          },
          {
            "Key": "gu:repo",
            "Value": "guardian/interactive-tilemaker",
          },
          {
            "Key": "Stack",
            "Value": "interactives",
          },
          {
            "Key": "Stage",
            "Value": "TEST",
          },
        ],
        "TaskRoleArn": {
          "Fn::GetAtt": [
            "TileMakerTaskTaskRole4911CC8F",
            "Arn",
          ],
        },
      },
      "Type": "AWS::ECS::TaskDefinition",
    },
    "TileMakerTaskExecutionRole9653D5DB": {
      "Properties": {
        "AssumeRolePolicyDocument": {
          "Statement": [
            {
              "Action": "sts:AssumeRole",
              "Effect": "Allow",
              "Principal": {
                "Service": "ecs-tasks.amazonaws.com",
              },
            },
          ],
          "Version": "2012-10-17",
        },
        "Tags": [
          {
            "Key": "gu:cdk:version",
            "Value": "TEST",
          },
          {
            "Key": "gu:repo",
            "Value": "guardian/interactive-tilemaker",
          },
          {
            "Key": "Stack",
            "Value": "interactives",
          },
          {
            "Key": "Stage",
            "Value": "TEST",
          },
        ],
      },
      "Type": "AWS::IAM::Role",
    },
    "TileMakerTaskExecutionRoleDefaultPolicy10BD4468": {
      "Properties": {
        "PolicyDocument": {
          "Statement": [
            {
              "Action": [
                "logs:CreateLogStream",
                "logs:PutLogEvents",
              ],
              "Effect": "Allow",
              "Resource": {
                "Fn::GetAtt": [
                  "TileMakerTaskHelloWorldContainerLogGroup15B4BEFA",
                  "Arn",
                ],
              },
            },
          ],
          "Version": "2012-10-17",
        },
        "PolicyName": "TileMakerTaskExecutionRoleDefaultPolicy10BD4468",
        "Roles": [
          {
            "Ref": "TileMakerTaskExecutionRole9653D5DB",
          },
        ],
      },
      "Type": "AWS::IAM::Policy",
    },
    "TileMakerTaskHelloWorldContainerLogGroup15B4BEFA": {
      "DeletionPolicy": "Retain",
      "Properties": {
        "Tags": [
          {
            "Key": "gu:cdk:version",
            "Value": "TEST",
          },
          {
            "Key": "gu:repo",
            "Value": "guardian/interactive-tilemaker",
          },
          {
            "Key": "Stack",
            "Value": "interactives",
          },
          {
            "Key": "Stage",
            "Value": "TEST",
          },
        ],
      },
      "Type": "AWS::Logs::LogGroup",
      "UpdateReplacePolicy": "Retain",
    },
    "TileMakerTaskTaskRole4911CC8F": {
      "Properties": {
        "AssumeRolePolicyDocument": {
          "Statement": [
            {
              "Action": "sts:AssumeRole",
              "Effect": "Allow",
              "Principal": {
                "Service": "ecs-tasks.amazonaws.com",
              },
            },
          ],
          "Version": "2012-10-17",
        },
        "Tags": [
          {
            "Key": "gu:cdk:version",
            "Value": "TEST",
          },
          {
            "Key": "gu:repo",
            "Value": "guardian/interactive-tilemaker",
          },
          {
            "Key": "Stack",
            "Value": "interactives",
          },
          {
            "Key": "Stage",
            "Value": "TEST",
          },
        ],
      },
      "Type": "AWS::IAM::Role",
    },
  },
}
`;
