// Jest Snapshot v1, https://goo.gl/fbAQLP

exports[`The InteractiveTilemaker stack matches the snapshot 1`] = `
{
  "Metadata": {
    "gu:cdk:constructs": [],
    "gu:cdk:version": "TEST",
  },
  "Resources": {
    "TileMakerClusterC42EED4C": {
      "Properties": {
        "Tags": [
          {
            "Key": "gu:cdk:version",
            "Value": "TEST",
          },
          {
            "Key": "gu:repo",
            "Value": "guardian/interactive-tilemaker",
          },
          {
            "Key": "Stack",
            "Value": "interactives",
          },
          {
            "Key": "Stage",
            "Value": "TEST",
          },
        ],
      },
      "Type": "AWS::ECS::Cluster",
    },
    "TileMakerClusterVpc56E4EE26": {
      "Properties": {
        "CidrBlock": "10.0.0.0/16",
        "EnableDnsHostnames": true,
        "EnableDnsSupport": true,
        "InstanceTenancy": "default",
        "Tags": [
          {
            "Key": "gu:cdk:version",
            "Value": "TEST",
          },
          {
            "Key": "gu:repo",
            "Value": "guardian/interactive-tilemaker",
          },
          {
            "Key": "Name",
            "Value": "InteractiveTilemaker/TileMakerCluster/Vpc",
          },
          {
            "Key": "Stack",
            "Value": "interactives",
          },
          {
            "Key": "Stage",
            "Value": "TEST",
          },
        ],
      },
      "Type": "AWS::EC2::VPC",
    },
    "TileMakerClusterVpcIGW62213EBC": {
      "Properties": {
        "Tags": [
          {
            "Key": "gu:cdk:version",
            "Value": "TEST",
          },
          {
            "Key": "gu:repo",
            "Value": "guardian/interactive-tilemaker",
          },
          {
            "Key": "Name",
            "Value": "InteractiveTilemaker/TileMakerCluster/Vpc",
          },
          {
            "Key": "Stack",
            "Value": "interactives",
          },
          {
            "Key": "Stage",
            "Value": "TEST",
          },
        ],
      },
      "Type": "AWS::EC2::InternetGateway",
    },
    "TileMakerClusterVpcPrivateSubnet1DefaultRouteE23B4EDF": {
      "Properties": {
        "DestinationCidrBlock": "0.0.0.0/0",
        "NatGatewayId": {
          "Ref": "TileMakerClusterVpcPublicSubnet1NATGateway1BB887C3",
        },
        "RouteTableId": {
          "Ref": "TileMakerClusterVpcPrivateSubnet1RouteTableA74D8015",
        },
      },
      "Type": "AWS::EC2::Route",
    },
    "TileMakerClusterVpcPrivateSubnet1RouteTableA74D8015": {
      "Properties": {
        "Tags": [
          {
            "Key": "gu:cdk:version",
            "Value": "TEST",
          },
          {
            "Key": "gu:repo",
            "Value": "guardian/interactive-tilemaker",
          },
          {
            "Key": "Name",
            "Value": "InteractiveTilemaker/TileMakerCluster/Vpc/PrivateSubnet1",
          },
          {
            "Key": "Stack",
            "Value": "interactives",
          },
          {
            "Key": "Stage",
            "Value": "TEST",
          },
        ],
        "VpcId": {
          "Ref": "TileMakerClusterVpc56E4EE26",
        },
      },
      "Type": "AWS::EC2::RouteTable",
    },
    "TileMakerClusterVpcPrivateSubnet1RouteTableAssociation97129AC8": {
      "Properties": {
        "RouteTableId": {
          "Ref": "TileMakerClusterVpcPrivateSubnet1RouteTableA74D8015",
        },
        "SubnetId": {
          "Ref": "TileMakerClusterVpcPrivateSubnet1SubnetF844E5A9",
        },
      },
      "Type": "AWS::EC2::SubnetRouteTableAssociation",
    },
    "TileMakerClusterVpcPrivateSubnet1SubnetF844E5A9": {
      "Properties": {
        "AvailabilityZone": {
          "Fn::Select": [
            0,
            {
              "Fn::GetAZs": "",
            },
          ],
        },
        "CidrBlock": "10.0.128.0/18",
        "MapPublicIpOnLaunch": false,
        "Tags": [
          {
            "Key": "aws-cdk:subnet-name",
            "Value": "Private",
          },
          {
            "Key": "aws-cdk:subnet-type",
            "Value": "Private",
          },
          {
            "Key": "gu:cdk:version",
            "Value": "TEST",
          },
          {
            "Key": "gu:repo",
            "Value": "guardian/interactive-tilemaker",
          },
          {
            "Key": "Name",
            "Value": "InteractiveTilemaker/TileMakerCluster/Vpc/PrivateSubnet1",
          },
          {
            "Key": "Stack",
            "Value": "interactives",
          },
          {
            "Key": "Stage",
            "Value": "TEST",
          },
        ],
        "VpcId": {
          "Ref": "TileMakerClusterVpc56E4EE26",
        },
      },
      "Type": "AWS::EC2::Subnet",
    },
    "TileMakerClusterVpcPrivateSubnet2DefaultRouteC9683365": {
      "Properties": {
        "DestinationCidrBlock": "0.0.0.0/0",
        "NatGatewayId": {
          "Ref": "TileMakerClusterVpcPublicSubnet2NATGateway4452E04D",
        },
        "RouteTableId": {
          "Ref": "TileMakerClusterVpcPrivateSubnet2RouteTable2D0437EB",
        },
      },
      "Type": "AWS::EC2::Route",
    },
    "TileMakerClusterVpcPrivateSubnet2RouteTable2D0437EB": {
      "Properties": {
        "Tags": [
          {
            "Key": "gu:cdk:version",
            "Value": "TEST",
          },
          {
            "Key": "gu:repo",
            "Value": "guardian/interactive-tilemaker",
          },
          {
            "Key": "Name",
            "Value": "InteractiveTilemaker/TileMakerCluster/Vpc/PrivateSubnet2",
          },
          {
            "Key": "Stack",
            "Value": "interactives",
          },
          {
            "Key": "Stage",
            "Value": "TEST",
          },
        ],
        "VpcId": {
          "Ref": "TileMakerClusterVpc56E4EE26",
        },
      },
      "Type": "AWS::EC2::RouteTable",
    },
    "TileMakerClusterVpcPrivateSubnet2RouteTableAssociationADE81A33": {
      "Properties": {
        "RouteTableId": {
          "Ref": "TileMakerClusterVpcPrivateSubnet2RouteTable2D0437EB",
        },
        "SubnetId": {
          "Ref": "TileMakerClusterVpcPrivateSubnet2SubnetC8DF7CDA",
        },
      },
      "Type": "AWS::EC2::SubnetRouteTableAssociation",
    },
    "TileMakerClusterVpcPrivateSubnet2SubnetC8DF7CDA": {
      "Properties": {
        "AvailabilityZone": {
          "Fn::Select": [
            1,
            {
              "Fn::GetAZs": "",
            },
          ],
        },
        "CidrBlock": "10.0.192.0/18",
        "MapPublicIpOnLaunch": false,
        "Tags": [
          {
            "Key": "aws-cdk:subnet-name",
            "Value": "Private",
          },
          {
            "Key": "aws-cdk:subnet-type",
            "Value": "Private",
          },
          {
            "Key": "gu:cdk:version",
            "Value": "TEST",
          },
          {
            "Key": "gu:repo",
            "Value": "guardian/interactive-tilemaker",
          },
          {
            "Key": "Name",
            "Value": "InteractiveTilemaker/TileMakerCluster/Vpc/PrivateSubnet2",
          },
          {
            "Key": "Stack",
            "Value": "interactives",
          },
          {
            "Key": "Stage",
            "Value": "TEST",
          },
        ],
        "VpcId": {
          "Ref": "TileMakerClusterVpc56E4EE26",
        },
      },
      "Type": "AWS::EC2::Subnet",
    },
    "TileMakerClusterVpcPublicSubnet1DefaultRouteF979E19E": {
      "DependsOn": [
        "TileMakerClusterVpcVPCGW53E3B340",
      ],
      "Properties": {
        "DestinationCidrBlock": "0.0.0.0/0",
        "GatewayId": {
          "Ref": "TileMakerClusterVpcIGW62213EBC",
        },
        "RouteTableId": {
          "Ref": "TileMakerClusterVpcPublicSubnet1RouteTableEB474570",
        },
      },
      "Type": "AWS::EC2::Route",
    },
    "TileMakerClusterVpcPublicSubnet1EIP24221725": {
      "Properties": {
        "Domain": "vpc",
        "Tags": [
          {
            "Key": "gu:cdk:version",
            "Value": "TEST",
          },
          {
            "Key": "gu:repo",
            "Value": "guardian/interactive-tilemaker",
          },
          {
            "Key": "Name",
            "Value": "InteractiveTilemaker/TileMakerCluster/Vpc/PublicSubnet1",
          },
          {
            "Key": "Stack",
            "Value": "interactives",
          },
          {
            "Key": "Stage",
            "Value": "TEST",
          },
        ],
      },
      "Type": "AWS::EC2::EIP",
    },
    "TileMakerClusterVpcPublicSubnet1NATGateway1BB887C3": {
      "DependsOn": [
        "TileMakerClusterVpcPublicSubnet1DefaultRouteF979E19E",
        "TileMakerClusterVpcPublicSubnet1RouteTableAssociation75A7928F",
      ],
      "Properties": {
        "AllocationId": {
          "Fn::GetAtt": [
            "TileMakerClusterVpcPublicSubnet1EIP24221725",
            "AllocationId",
          ],
        },
        "SubnetId": {
          "Ref": "TileMakerClusterVpcPublicSubnet1SubnetF8B4C6E5",
        },
        "Tags": [
          {
            "Key": "gu:cdk:version",
            "Value": "TEST",
          },
          {
            "Key": "gu:repo",
            "Value": "guardian/interactive-tilemaker",
          },
          {
            "Key": "Name",
            "Value": "InteractiveTilemaker/TileMakerCluster/Vpc/PublicSubnet1",
          },
          {
            "Key": "Stack",
            "Value": "interactives",
          },
          {
            "Key": "Stage",
            "Value": "TEST",
          },
        ],
      },
      "Type": "AWS::EC2::NatGateway",
    },
    "TileMakerClusterVpcPublicSubnet1RouteTableAssociation75A7928F": {
      "Properties": {
        "RouteTableId": {
          "Ref": "TileMakerClusterVpcPublicSubnet1RouteTableEB474570",
        },
        "SubnetId": {
          "Ref": "TileMakerClusterVpcPublicSubnet1SubnetF8B4C6E5",
        },
      },
      "Type": "AWS::EC2::SubnetRouteTableAssociation",
    },
    "TileMakerClusterVpcPublicSubnet1RouteTableEB474570": {
      "Properties": {
        "Tags": [
          {
            "Key": "gu:cdk:version",
            "Value": "TEST",
          },
          {
            "Key": "gu:repo",
            "Value": "guardian/interactive-tilemaker",
          },
          {
            "Key": "Name",
            "Value": "InteractiveTilemaker/TileMakerCluster/Vpc/PublicSubnet1",
          },
          {
            "Key": "Stack",
            "Value": "interactives",
          },
          {
            "Key": "Stage",
            "Value": "TEST",
          },
        ],
        "VpcId": {
          "Ref": "TileMakerClusterVpc56E4EE26",
        },
      },
      "Type": "AWS::EC2::RouteTable",
    },
    "TileMakerClusterVpcPublicSubnet1SubnetF8B4C6E5": {
      "Properties": {
        "AvailabilityZone": {
          "Fn::Select": [
            0,
            {
              "Fn::GetAZs": "",
            },
          ],
        },
        "CidrBlock": "10.0.0.0/18",
        "MapPublicIpOnLaunch": true,
        "Tags": [
          {
            "Key": "aws-cdk:subnet-name",
            "Value": "Public",
          },
          {
            "Key": "aws-cdk:subnet-type",
            "Value": "Public",
          },
          {
            "Key": "gu:cdk:version",
            "Value": "TEST",
          },
          {
            "Key": "gu:repo",
            "Value": "guardian/interactive-tilemaker",
          },
          {
            "Key": "Name",
            "Value": "InteractiveTilemaker/TileMakerCluster/Vpc/PublicSubnet1",
          },
          {
            "Key": "Stack",
            "Value": "interactives",
          },
          {
            "Key": "Stage",
            "Value": "TEST",
          },
        ],
        "VpcId": {
          "Ref": "TileMakerClusterVpc56E4EE26",
        },
      },
      "Type": "AWS::EC2::Subnet",
    },
    "TileMakerClusterVpcPublicSubnet2DefaultRoute4BE7E216": {
      "DependsOn": [
        "TileMakerClusterVpcVPCGW53E3B340",
      ],
      "Properties": {
        "DestinationCidrBlock": "0.0.0.0/0",
        "GatewayId": {
          "Ref": "TileMakerClusterVpcIGW62213EBC",
        },
        "RouteTableId": {
          "Ref": "TileMakerClusterVpcPublicSubnet2RouteTable1D889E35",
        },
      },
      "Type": "AWS::EC2::Route",
    },
    "TileMakerClusterVpcPublicSubnet2EIP9A92A43B": {
      "Properties": {
        "Domain": "vpc",
        "Tags": [
          {
            "Key": "gu:cdk:version",
            "Value": "TEST",
          },
          {
            "Key": "gu:repo",
            "Value": "guardian/interactive-tilemaker",
          },
          {
            "Key": "Name",
            "Value": "InteractiveTilemaker/TileMakerCluster/Vpc/PublicSubnet2",
          },
          {
            "Key": "Stack",
            "Value": "interactives",
          },
          {
            "Key": "Stage",
            "Value": "TEST",
          },
        ],
      },
      "Type": "AWS::EC2::EIP",
    },
    "TileMakerClusterVpcPublicSubnet2NATGateway4452E04D": {
      "DependsOn": [
        "TileMakerClusterVpcPublicSubnet2DefaultRoute4BE7E216",
        "TileMakerClusterVpcPublicSubnet2RouteTableAssociation21FC3805",
      ],
      "Properties": {
        "AllocationId": {
          "Fn::GetAtt": [
            "TileMakerClusterVpcPublicSubnet2EIP9A92A43B",
            "AllocationId",
          ],
        },
        "SubnetId": {
          "Ref": "TileMakerClusterVpcPublicSubnet2Subnet8268D6FF",
        },
        "Tags": [
          {
            "Key": "gu:cdk:version",
            "Value": "TEST",
          },
          {
            "Key": "gu:repo",
            "Value": "guardian/interactive-tilemaker",
          },
          {
            "Key": "Name",
            "Value": "InteractiveTilemaker/TileMakerCluster/Vpc/PublicSubnet2",
          },
          {
            "Key": "Stack",
            "Value": "interactives",
          },
          {
            "Key": "Stage",
            "Value": "TEST",
          },
        ],
      },
      "Type": "AWS::EC2::NatGateway",
    },
    "TileMakerClusterVpcPublicSubnet2RouteTable1D889E35": {
      "Properties": {
        "Tags": [
          {
            "Key": "gu:cdk:version",
            "Value": "TEST",
          },
          {
            "Key": "gu:repo",
            "Value": "guardian/interactive-tilemaker",
          },
          {
            "Key": "Name",
            "Value": "InteractiveTilemaker/TileMakerCluster/Vpc/PublicSubnet2",
          },
          {
            "Key": "Stack",
            "Value": "interactives",
          },
          {
            "Key": "Stage",
            "Value": "TEST",
          },
        ],
        "VpcId": {
          "Ref": "TileMakerClusterVpc56E4EE26",
        },
      },
      "Type": "AWS::EC2::RouteTable",
    },
    "TileMakerClusterVpcPublicSubnet2RouteTableAssociation21FC3805": {
      "Properties": {
        "RouteTableId": {
          "Ref": "TileMakerClusterVpcPublicSubnet2RouteTable1D889E35",
        },
        "SubnetId": {
          "Ref": "TileMakerClusterVpcPublicSubnet2Subnet8268D6FF",
        },
      },
      "Type": "AWS::EC2::SubnetRouteTableAssociation",
    },
    "TileMakerClusterVpcPublicSubnet2Subnet8268D6FF": {
      "Properties": {
        "AvailabilityZone": {
          "Fn::Select": [
            1,
            {
              "Fn::GetAZs": "",
            },
          ],
        },
        "CidrBlock": "10.0.64.0/18",
        "MapPublicIpOnLaunch": true,
        "Tags": [
          {
            "Key": "aws-cdk:subnet-name",
            "Value": "Public",
          },
          {
            "Key": "aws-cdk:subnet-type",
            "Value": "Public",
          },
          {
            "Key": "gu:cdk:version",
            "Value": "TEST",
          },
          {
            "Key": "gu:repo",
            "Value": "guardian/interactive-tilemaker",
          },
          {
            "Key": "Name",
            "Value": "InteractiveTilemaker/TileMakerCluster/Vpc/PublicSubnet2",
          },
          {
            "Key": "Stack",
            "Value": "interactives",
          },
          {
            "Key": "Stage",
            "Value": "TEST",
          },
        ],
        "VpcId": {
          "Ref": "TileMakerClusterVpc56E4EE26",
        },
      },
      "Type": "AWS::EC2::Subnet",
    },
    "TileMakerClusterVpcVPCGW53E3B340": {
      "Properties": {
        "InternetGatewayId": {
          "Ref": "TileMakerClusterVpcIGW62213EBC",
        },
        "VpcId": {
          "Ref": "TileMakerClusterVpc56E4EE26",
        },
      },
      "Type": "AWS::EC2::VPCGatewayAttachment",
    },
    "TileMakerService0A7F7D41": {
      "DependsOn": [
        "TileMakerTaskTaskRole4911CC8F",
      ],
      "Properties": {
        "Cluster": {
          "Ref": "TileMakerClusterC42EED4C",
        },
        "DeploymentConfiguration": {
          "Alarms": {
            "AlarmNames": [],
            "Enable": false,
            "Rollback": false,
          },
          "MaximumPercent": 200,
          "MinimumHealthyPercent": 50,
        },
        "EnableECSManagedTags": false,
        "LaunchType": "FARGATE",
        "NetworkConfiguration": {
          "AwsvpcConfiguration": {
            "AssignPublicIp": "DISABLED",
            "SecurityGroups": [
              {
                "Fn::GetAtt": [
                  "TileMakerServiceSecurityGroup1A5B42EB",
                  "GroupId",
                ],
              },
            ],
            "Subnets": [
              {
                "Ref": "TileMakerClusterVpcPrivateSubnet1SubnetF844E5A9",
              },
              {
                "Ref": "TileMakerClusterVpcPrivateSubnet2SubnetC8DF7CDA",
              },
            ],
          },
        },
        "Tags": [
          {
            "Key": "gu:cdk:version",
            "Value": "TEST",
          },
          {
            "Key": "gu:repo",
            "Value": "guardian/interactive-tilemaker",
          },
          {
            "Key": "Stack",
            "Value": "interactives",
          },
          {
            "Key": "Stage",
            "Value": "TEST",
          },
        ],
        "TaskDefinition": {
          "Ref": "TileMakerTask35D431C4",
        },
      },
      "Type": "AWS::ECS::Service",
    },
    "TileMakerServiceSecurityGroup1A5B42EB": {
      "DependsOn": [
        "TileMakerTaskTaskRole4911CC8F",
      ],
      "Properties": {
        "GroupDescription": "InteractiveTilemaker/TileMakerService/SecurityGroup",
        "SecurityGroupEgress": [
          {
            "CidrIp": "0.0.0.0/0",
            "Description": "Allow all outbound traffic by default",
            "IpProtocol": "-1",
          },
        ],
        "Tags": [
          {
            "Key": "gu:cdk:version",
            "Value": "TEST",
          },
          {
            "Key": "gu:repo",
            "Value": "guardian/interactive-tilemaker",
          },
          {
            "Key": "Stack",
            "Value": "interactives",
          },
          {
            "Key": "Stage",
            "Value": "TEST",
          },
        ],
        "VpcId": {
          "Ref": "TileMakerClusterVpc56E4EE26",
        },
      },
      "Type": "AWS::EC2::SecurityGroup",
    },
    "TileMakerTask35D431C4": {
      "Properties": {
        "ContainerDefinitions": [
          {
            "Essential": true,
            "Image": "docker/hello-world",
            "Memory": 2048,
            "Name": "HelloWorldContainer",
          },
        ],
        "Cpu": "1024",
        "Family": "InteractiveTilemakerTileMakerTask12DC9A80",
        "Memory": "2048",
        "NetworkMode": "awsvpc",
        "RequiresCompatibilities": [
          "FARGATE",
        ],
        "RuntimePlatform": {
          "CpuArchitecture": "X86_64",
          "OperatingSystemFamily": "LINUX",
        },
        "Tags": [
          {
            "Key": "gu:cdk:version",
            "Value": "TEST",
          },
          {
            "Key": "gu:repo",
            "Value": "guardian/interactive-tilemaker",
          },
          {
            "Key": "Stack",
            "Value": "interactives",
          },
          {
            "Key": "Stage",
            "Value": "TEST",
          },
        ],
        "TaskRoleArn": {
          "Fn::GetAtt": [
            "TileMakerTaskTaskRole4911CC8F",
            "Arn",
          ],
        },
      },
      "Type": "AWS::ECS::TaskDefinition",
    },
    "TileMakerTaskTaskRole4911CC8F": {
      "Properties": {
        "AssumeRolePolicyDocument": {
          "Statement": [
            {
              "Action": "sts:AssumeRole",
              "Effect": "Allow",
              "Principal": {
                "Service": "ecs-tasks.amazonaws.com",
              },
            },
          ],
          "Version": "2012-10-17",
        },
        "Tags": [
          {
            "Key": "gu:cdk:version",
            "Value": "TEST",
          },
          {
            "Key": "gu:repo",
            "Value": "guardian/interactive-tilemaker",
          },
          {
            "Key": "Stack",
            "Value": "interactives",
          },
          {
            "Key": "Stage",
            "Value": "TEST",
          },
        ],
      },
      "Type": "AWS::IAM::Role",
    },
  },
}
`;
